// Jest Snapshot v1, https://goo.gl/fbAQLP

exports[`vitus-labs/elements/Element Component renders correctly 1`] = `
<Memo([object Object])
  alignX="left"
  alignY="center"
  contentDirection="inline"
/>
`;
